---
source: milli/src/search/new/tests/typo.rs
expression: "format!(\"{document_scores:#?}\")"
---
[
    [],
    [],
    [],
]
