---
source: milli/src/search/new/tests/geo_sort.rs
expression: "format!(\"{scores:#?}\")"
---
[
    [
        GeoSort(
            GeoSort {
                target_point: [
                    0.0,
                    0.0,
                ],
                ascending: true,
                value: Some(
                    [
                        0.0,
                        0.0,
                    ],
                ),
            },
        ),
    ],
    [
        GeoSort(
            GeoSort {
                target_point: [
                    0.0,
                    0.0,
                ],
                ascending: true,
                value: Some(
                    [
                        1.0,
                        1.0,
                    ],
                ),
            },
        ),
    ],
    [
        GeoSort(
            GeoSort {
                target_point: [
                    0.0,
                    0.0,
                ],
                ascending: true,
                value: Some(
                    [
                        2.0,
                        -1.0,
                    ],
                ),
            },
        ),
    ],
    [
        GeoSort(
            GeoSort {
                target_point: [
                    0.0,
                    0.0,
                ],
                ascending: true,
                value: Some(
                    [
                        -2.0,
                        -2.0,
                    ],
                ),
            },
        ),
    ],
    [
        GeoSort(
            GeoSort {
                target_point: [
                    0.0,
                    0.0,
                ],
                ascending: true,
                value: Some(
                    [
                        3.0,
                        5.0,
                    ],
                ),
            },
        ),
    ],
    [
        GeoSort(
            GeoSort {
                target_point: [
                    0.0,
                    0.0,
                ],
                ascending: true,
                value: Some(
                    [
                        6.0,
                        -5.0,
                    ],
                ),
            },
        ),
    ],
    [
        GeoSort(
            GeoSort {
                target_point: [
                    0.0,
                    0.0,
                ],
                ascending: true,
                value: None,
            },
        ),
    ],
    [
        GeoSort(
            GeoSort {
                target_point: [
                    0.0,
                    0.0,
                ],
                ascending: true,
                value: None,
            },
        ),
    ],
    [
        GeoSort(
            GeoSort {
                target_point: [
                    0.0,
                    0.0,
                ],
                ascending: true,
                value: None,
            },
        ),
    ],
    [
        GeoSort(
            GeoSort {
                target_point: [
                    0.0,
                    0.0,
                ],
                ascending: true,
                value: None,
            },
        ),
    ],
    [
        GeoSort(
            GeoSort {
                target_point: [
                    0.0,
                    0.0,
                ],
                ascending: true,
                value: None,
            },
        ),
    ],
]
