---
source: milli/src/search/new/tests/typo.rs
expression: "format!(\"{document_scores:#?}\")"
---
[
    [
        Typo(
            Typo {
                typo_count: 0,
                max_typo_count: 5,
            },
        ),
    ],
    [
        Typo(
            Typo {
                typo_count: 0,
                max_typo_count: 5,
            },
        ),
    ],
    [
        Typo(
            Typo {
                typo_count: 1,
                max_typo_count: 5,
            },
        ),
    ],
    [
        Typo(
            Typo {
                typo_count: 1,
                max_typo_count: 5,
            },
        ),
    ],
    [
        Typo(
            Typo {
                typo_count: 2,
                max_typo_count: 5,
            },
        ),
    ],
    [
        Typo(
            Typo {
                typo_count: 5,
                max_typo_count: 5,
            },
        ),
    ],
]
