---
source: milli/src/search/new/tests/geo_sort.rs
expression: "format!(\"{scores:#?}\")"
---
[
    [
        Words(
            Words {
                matching_words: 1,
                max_matching_words: 1,
            },
        ),
        GeoSort(
            GeoSort {
                target_point: [
                    0.0,
                    0.0,
                ],
                ascending: true,
                value: Some(
                    [
                        0.0,
                        0.0,
                    ],
                ),
            },
        ),
    ],
    [
        Words(
            Words {
                matching_words: 1,
                max_matching_words: 1,
            },
        ),
        GeoSort(
            GeoSort {
                target_point: [
                    0.0,
                    0.0,
                ],
                ascending: true,
                value: Some(
                    [
                        -89.0,
                        0.0,
                    ],
                ),
            },
        ),
    ],
    [
        Words(
            Words {
                matching_words: 1,
                max_matching_words: 1,
            },
        ),
        GeoSort(
            GeoSort {
                target_point: [
                    0.0,
                    0.0,
                ],
                ascending: true,
                value: Some(
                    [
                        0.0,
                        178.0,
                    ],
                ),
            },
        ),
    ],
]
